.\gradlew : Error: could not open `C:\Program Files\Apache 
NetBeans\jdk\lib\jvm.cfg'
At line:1 char:34
+ cd "E:\DACS3\FastDash_android" ; .\gradlew build -q 2>&1 | Tee-Object ...
+                                  ~~~~~~~~~~~~~~~~~~~~~~~
    + CategoryInfo          : NotSpecified: (Error: could no...dk\lib\jvm.cfg' 
   :String) [], RemoteException
    + FullyQualifiedErrorId : NativeCommandError
 
