.\gradlew : e: file:///D:/DACS3/FastDash_android/app/src/main/java/com/fastdash/app/MainActivity.kt:178:47 Argument type mismatch: actual type is 'Function3<Long, Int, String?, 
Unit>', but 'Function4<@ParameterName(...) Long, @ParameterName(...) Int, @ParameterName(...) String?, @ParameterName(...) List<Long>, Unit>' was expected.
At line:1 char:31
+ cd D:\DACS3\FastDash_android; .\gradlew build -q 2>&1 | Tee-Object -F ...
+                               ~~~~~~~~~~~~~~~~~~~~~~~
    + CategoryInfo          : NotSpecified: (e: file:///D:/D...' was expected.:String) [], RemoteException
    + FullyQualifiedErrorId : NativeCommandError
 
e: file:///D:/DACS3/FastDash_android/app/src/main/java/com/fastdash/app/data/remote/api/CartAndOrderApi.kt:36:11 Redeclaration:
interface OrderApi : Any
e: file:///D:/DACS3/FastDash_android/app/src/main/java/com/fastdash/app/data/remote/api/OrderApi.kt:11:11 Redeclaration:
interface OrderApi : Any
e: file:///D:/DACS3/FastDash_android/app/src/main/java/com/fastdash/app/ui/product/ProductDetailScreen.kt:90:35 Unresolved reference 'assistChip_colors'.
e: file:///D:/DACS3/FastDash_android/app/src/main/java/com/fastdash/app/MainActivity.kt:178:47 Argument type mismatch: actual type is 'Function3<Long, Int, String?, Unit>', but 
'Function4<@ParameterName(...) Long, @ParameterName(...) Int, @ParameterName(...) String?, @ParameterName(...) List<Long>, Unit>' was expected.
e: file:///D:/DACS3/FastDash_android/app/src/main/java/com/fastdash/app/ui/product/ProductDetailScreen.kt:90:35 Unresolved reference 'assistChip_colors'.

FAILURE: Build completed with 2 failures.

1: Task failed with an exception.
-----------
* What went wrong:
Execution failed for task ':app:compileDebugKotlin'.
> A failure occurred while executing org.jetbrains.kotlin.compilerRunner.GradleCompilerRunnerWithWorkers$GradleKotlinCompilerWorkAction
   > Compilation error. See log for more details

* Try:
> Run with --stacktrace option to get the stack trace.
> Run with --info or --debug option to get more log output.
> Run with --scan to generate a Build Scan (Powered by Develocity).
> Get more help at https://help.gradle.org.
==============================================================================

2: Task failed with an exception.
-----------
* What went wrong:
Execution failed for task ':app:compileReleaseKotlin'.
> A failure occurred while executing org.jetbrains.kotlin.compilerRunner.GradleCompilerRunnerWithWorkers$GradleKotlinCompilerWorkAction
   > Compilation error. See log for more details

* Try:
> Run with --stacktrace option to get the stack trace.
> Run with --info or --debug option to get more log output.
> Run with --scan to generate a Build Scan (Powered by Develocity).
> Get more help at https://help.gradle.org.
==============================================================================

BUILD FAILED in 38s
